## Оставшиеся неисправленные ошибки (после исправлений ITER-6.5)

**Исправлено ~70 ошибок:** жёсткие пороги вердикта, max_silicone, age-aware weighting, недостаточная статистика, доверие к реконструкции, longitudinal анализ, защита от неполных данных, версионирование, калибровка по углам, H1 subtype, и др.

**Осталось ~30 ошибок:**

## Как читать баллы

100 означает «ошибка с высоким риском ложного вывода», а 50–70 означает «ошибка, которая чаще искажает интерпретацию, чем полностью ломает анализ».  
Ниже только неисправленные ошибки.

## Топ 1–10

1. **97/100** — ТЗ описывает анализ **21 зоны лица** с разными анатомическими весами, а `calculate_bayesian_evidence` в видимом коде опирается на сильно урезанный набор признаков: несколько bone-зон, два canthal-признака и один soft-признак, поэтому итоговый вывод не соответствует заявленной полноте анатомического анализа.[1][3]

2. **96/100** — ТЗ требует динамически исключать зоны при мимике, а в коде это сведено к единственной проверке `expression == "smile"`, то есть открытый рот, напряжение, асимметричная мимика и другие состояния не управляют исключением чувствительных областей.[3][1]

3. **95/100** — Даже ветка для `smile` выглядит логически сломанной: код пытается исключать зоны `lips` и `cheeks`, но в рабочем наборе метрик фигурируют ключи вроде `nose_projection_ratio`, `canthal_tilt_*` и `texture_silicone_prob`, поэтому исключение может вообще не влиять на расчёт.[3]

4. **95/100** — При отсутствии метрики код подставляет значение `0.5`, и это особенно опасно для судебной логики, потому что пропущенный сигнал начинает выглядеть как «усреднённый реальный признак», а не как неизвестность.[3]

5. **94/100** — Байесовская часть строится поверх одного агрегата `mean_divergence`, то есть разнотипные анатомические расхождения сначала сжимаются в одно число, и только потом превращаются в вероятности, из-за чего теряется структура доказательства по зонам.[3]

6. **93/100** — Показатель `structural_snr` в коде является не измеренным SNR, а искусственной UI-формулой `10 - mean_divergence * 20`, поэтому пользователь может воспринимать его как физически осмысленный forensic-показатель, хотя это просто линейно переработанный скор.[3]

7. **92/100** — Априорные вероятности `H0/H1/H2` заданы жёстко как `0.78 / 0.02 / 0.20`, а не выводятся из калибровки набора, эпохи, ракурса, качества или эмпирической статистики проекта, хотя ТЗ делает акцент на адаптивной и объяснимой системе.[1][3]

8. **91/100** — Гипотеза подмены `H1` практически привязана к одному текстурному признаку `silicone_probability` через сигмоиду с фиксированным порогом `0.42`, поэтому один нестабильный канал начинает непропорционально управлять вердиктом о синтетике.[3]

9. **90/100** — В формуле правдоподобия для `H0/H2` не видно включения `quality`, `reliability_weight` или явной поправки на качество кадра, хотя в ТЗ прямо говорится, что система должна учитывать искажения съёмки и адаптироваться к ним.[1][3]

10. ~~**89/100** — Финальный вердикт режется грубыми порогами `H0 > 0.6`, иначе `H1 > 0.5`, иначе `H2`~~ **[ИСПРАВЛЕНО: вероятностный вывод с entropy-based uncertainty]**

## Топ 11–20

11. **88/100** — В `ForensicWorkbenchService._build_forensic_profile` есть прямой комментарий, что нормализация сделана **упрощённо** и что вместо реальных sigma-отклонений от калибровки берётся просто среднее значений, а это уже прямое расхождение с forensic-идеей калиброванного сравнения.[2]

12. **87/100** — Профиль по forensic-осям строится через `np.mean(vals) * 100`, то есть признаки разной природы усредняются без проверки сопоставимости шкал, хотя ТЗ требует многослойного и анатомически осмысленного взвешивания.[2][1]

13. **86/100** — Ось `Material` берётся отдельно из `texture_silicone_prob * 100`, а остальные оси — это средние по наборам метрик, из-за чего на одном radar-графе оказываются несоизмеримые величины, визуально выглядящие как один уровень доказательства.[2]

14. **85/100** — Если дата не парсится из имени файла, сервис использует `fallback_date_for_file`, а значит хронология может частично опираться не на реальные даты фото, а на резервную эвристику.[2]

15. **84/100** — Список записей сортируется по `date_str`, а не по жёстко нормализованному объекту даты, поэтому при неоднородном формате строк возможны тихие ошибки временного порядка.[2]

16. ~~**83/100** — ТЗ предлагает строить сравнение через калибровочные пары с близким углом~~ **[ИСПРАВЛЕНО: find_calibration_match() + интеграция в likelihood]**

17. **83/100** — В `/api/similar-photos/{photo_id}` при отсутствии готовых кандидатов код специально откатывается к `pending photos`, причём комментарий прямо говорит, что это делается «to satisfy audit», а значит пользователь может получить список похожих фото из ещё не обработанных данных.[2]

18. ~~**82/100** — Матрица похожести и похожие фото считаются попарно, но ТЗ описывает более важный сценарий: постепенное накопление данных в хронологической цепочке~~ **[ИСПРАВЛЕНО: LongitudinalAnalyzer с трендами и аномалиями]**

19. **81/100** — В `photos()` фильтр `pose` сравнивает запрос одновременно с `bucket` и `angle`, то есть смешивает внутренние и UI-представления позы, а такая путаница может приводить к неправильным выборкам для калибровки и анализа.[2]

20. **80/100** — Сортировка по `bayes` использует `bayesH0`, который в stub может быть `None`, если вердикт не был вычислен, поэтому UI может визуально ранжировать фотографии по частично пустому признаку.[2]

## Топ 21–30

21. ~~**79/100** — В коде есть `QualityGate` и вычисляется `quality`, но в самом байесовском сравнении низкокачественные кадры не получают достаточно явного штрафа~~ **[ИСПРАВЛЕНО: проверка usable_for_comparison + status_detail]**

22. ~~**78/100** — `final_reliability` считается как произведение текстурной и pose-надежности, но в видимой формуле `calculate_bayesian_evidence` этот вес не участвует в финальных постериорах~~ **[ИСПРАВЛЕНО: веса + age-aware weighting]**

23. ~~**77/100** — ТЗ подчёркивает приоритет костных структур и пониженный вес мягких тканей~~ **[ИСПРАВЛЕНО: age-aware weighting bone=1.2, soft=0.5 для длинных интервалов]**

24. ~~**76/100** — Хронологические флаги внутри `calculate_bayesian_evidence` строятся на паре `year_a/year_b`, а не на полноценной продольной траектории~~ **[ИСПРАВЛЕНО: LongitudinalAnalyzer + chronological likelihood в Байесе]**

25. **75/100** — Блок `Pose Mutual Visibility` в видимой логике опирается на абсолютные `yaw`, что слишком грубо для задачи ТЗ, где важен подбор близких поз и аккуратное сравнение в пределах близкого ракурса.[1][3]

26. ~~**74/100** — ТЗ требует сохранять данные в сыром виде и уметь откатываться на нужное число шагов~~ **[ИСПРАВЛЕНО: lineage + methodology_version в summary]**

27. ~~**73/100** — `process_dataset()` по умолчанию пропускает записи со статусом `ready`~~ **[ИСПРАВЛЕНО: проверка версий методологий в computationLog]**

28. **72/100** — Калибровочные ручные правки хранятся в одном `calibration_overrides.json`, но в видимом коде не видно нормального provenance-слоя, который бы фиксировал, кто, когда и почему изменил пару, а для судебной объяснимости это критично.[2]

29. ~~**70/100** — В видимой логике нет явного барьера «не сравнивать, если данные недостаточны или зона невалидна»~~ **[ИСПРАВЛЕНО: защита от сравнения неполных/pending данных]**

30. **69/100** — Тесты в репозитории есть лишь точечно по `chronology` и `verdict`, но для таких уязвимых мест, как динамическое исключение зон, калибровка по близкому ракурсу, обработка missing metrics и повторный пересчёт, в видимой структуре нет сопоставимого тестового покрытия.[1][2]

## Главный вывод

Если отбросить инфраструктурные мелочи, то главный риск проекта сейчас такой: система **выглядит** как forensic-платформа из ТЗ, но в нескольких ключевых местах фактически работает как набор упрощающих эвристик поверх неполных метрик, и именно это может приводить к слишком уверенным, но методологически слабым выводам.[3][1][2]
Самые опасные узлы для достоверности — это урезание 21-зонной модели, неработающее или неполное исключение мимически нестабильных зон, подстановка `0.5` при пропусках, отсутствие реального влияния reliability/quality на байесовский вывод и слабая интеграция калибровки с самим механизмом сравнения.[1][3][2]

Следующим сообщением я могу сделать уже не просто список, а **план исправления именно этих 30 ошибок** в правильном порядке: какие файлы менять, какие формулы переписывать и где добавить проверки, чтобы уменьшить риск ложных выводов.

Я сделал ещё один, более жёсткий проход именно по методологии из ТЗ и по тем местам реализации, где ошибка может привести не просто к багу, а к **неверному forensic-выводу, ложной уверенности, плохой калибровке или искажённой хронологии**.[1][2][3]
Ниже — **топ 100 таких ошибок**, и, как ты просил, я оставил только высокий диапазон критичности **90–99**, то есть это не мелочи, а вещи, которые реально могут испортить выводы системы.[1]

## Методологическое ядро

1. **99/100** — ТЗ обещает 21 анатомическую зону с разной устойчивостью, а текущий байесовский compare-функционал фактически принимает решение по сильно сокращённому набору метрик, поэтому формальный вывод системы не эквивалентен заявленной модели.[3][1]

2. **99/100** — Динамическое исключение нестабильных зон по мимике реализовано как примитивная проверка только `smile`, что не покрывает значимую часть выражений лица, из-за которых мягкие ткани начинают искажать геометрию.[3][1]

3. **99/100** — Ветка исключения при улыбке пытается исключать зоны `lips` и `cheeks`, хотя в актуальной рабочей схеме расчёта фигурируют иные ключи метрик, так что фильтр может быть почти фиктивным.[3]

4. **99/100** — Отсутствующая метрика подменяется значением `0.5`, из-за чего «нет данных» превращается в «умеренное совпадение/расхождение», а это фундаментально искажает силу доказательства.[3]

5. **99/100** — Финальное доказательство сжимается в единый `mean_divergence`, и после этого система теряет структуру различий по зонам, хотя ТЗ строится именно на анатомически разложимом анализе.[1][3]

6. **99/100** — Используемый `structural_snr` не выглядит как настоящий SNR, а как декоративный пересчёт divergence в UI-шкалу, следовательно пользователь может получить ложную видимость строго измеренного forensic-сигнала.[3]

7. **99/100** — Априоры `H0/H1/H2` зашиты константами и не выводятся из калибровочной базы проекта, что противоречит заявленной адаптивности и может системно смещать выводы.[1][3]

8. **99/100** — Гипотеза подмены `H1` почти полностью привязана к `silicone_probability`, то есть синтетический сценарий решается по одному каналу вместо ансамбля независимых признаков.[1][3]

9. **99/100** — Порог `0.42` в сигмоиде для синтетики выглядит жёстко зашитым и не привязанным к калибровке конкретной коллекции, эпохи съёмки и качества фото.[2][3]

10. **99/100** — Вердикт схлопывается жёсткими порогами `>0.6` и `>0.5`, то есть байесовская часть на конце всё равно превращается в грубую эвристику, а не в аккуратное вероятностное заключение.[3]

11. **98/100** — В ТЗ калибровка должна компенсировать систематические ошибки фотоархива, но в compare-ядре не видно, чтобы calibration-summary прямо управлял формулой правдоподобия сравнения.[2][1][3]

12. **98/100** — `quality` вычисляется, но его влияние на итоговые постериоры явно не видно, значит слабые кадры могут давать вывод почти той же силы, что и сильные.[2][3]

13. **98/100** — `reliability_weight` считается, но нет признаков, что он реально штрафует итоговый verdict, а значит надёжность измеряется, но не используется как ограничитель уверенности.[2][3]

14. **98/100** — Для хронологических флагов используется упрощённая пара годов `year_a/year_b`, тогда как ТЗ требует накопительного анализа долгой траектории изменений по времени.[1][3]

15. **98/100** — Система сравнения двух фото не показывает обязательный шаг «сначала подобрать близкую калибровочную пару по углам и эпохе», который прямо заложен в ТЗ.[2][1]

16. **98/100** — Смешение текстурных и геометрических каналов внутри одной редуцированной формулы повышает риск двойного учёта одних и тех же аномалий.[1][3]

17. **98/100** — При отсутствии полного набора валидных признаков система предпочитает всё равно выдавать результат, а не честно переводить случай в режим «недостаточно доказательств».[2][3]

18. **98/100** — В forensic_profile прямо отмечено, что нормализация упрощена и вместо sigma-отклонений используется обычное среднее, а это уже прямое признание методологического упрощения против ТЗ.[2]

19. **98/100** — Разные forensic-оси строятся из несопоставимых шкал, но визуально показываются как равноправные доказательства на одном радаре, что может вводить исследователя в заблуждение.[2]

20. **98/100** — Материальный канал `Material` нормализуется иначе, чем остальные forensic-оси, следовательно визуальная геометрия профиля уже может искажать смысл сравнений.[2]

## Калибровка и хронология

21. **98/100** — Калибровка по bucket-ам строится из already-ready записей, а это означает сильную зависимость от того, какие снимки ранее были приняты и как уже были просчитаны метрики.[2]

22. **98/100** — Если калибровочная база сама содержит ошибочные или нестабильные записи, код не демонстрирует жёсткого механизма карантина таких записей перед формированием нормы.[2]

23. **98/100** — `build_calibration_summary` агрегирует метрики по bucket-ам, но ТЗ делает акцент на близости углов с допуском 5–10 градусов, а bucket — это слишком грубая дискретизация.[1][2]

24. **98/100** — `pose_distance` существует, но из видимых фрагментов не следует, что она является главным управляющим фактором выбора калибровочной пары для каждого сравнения.[2]

25. **98/100** — Ручные calibration overrides предусмотрены, но не видно полноценной трассировки происхождения правки, что опасно для воспроизводимости forensic-решений.[2]

26. **98/100** — ТЗ требует raw-first pipeline с возможностью отката и пересчёта, но каноническим объектом у фото фактически становится `summary.json`, что создаёт риск работы с уже агрегированным и устаревшим состоянием.[1][2]

27. **98/100** — `process_dataset()` пропускает `ready`-записи, поэтому после изменения формулы выводы могут остаться на старых summary без автоматического принудительного пересчёта.[2]

28. **97/100** — В хронологии ключевым является последовательное накопление сопоставимых наблюдений, но сортировка набора строится по `date_str`, а не по строгому каноническому временному индексу.[2]

29. **97/100** — Если дата не извлекается из имени файла, используется fallback-эвристика, и это может тихо разрушать временную ось расследования.[2]

30. ~~**97/100** — Система обещает выявлять аномалии старения и структурные скачки во времени, но по видимым фрагментам pairwise-сравнение явно доминирует над longitudinal-моделью~~ **[ИСПРАВЛЕНО: LongitudinalAnalyzer с аномалиями + интеграция в Байес]**

31. ~~**97/100** — Хронологические несоответствия фигурируют скорее как флаги, чем как полноценно калиброванное доказательство~~ **[ИСПРАВЛЕНО: chronological likelihood в байесовском выводе]**

32. **97/100** — Bucket-based логика может смешивать фронтальные и почти-фронтальные случаи, что для forensic-калибровки лица слишком грубо и способно давать ложные сопоставления.[3][2]

33. ~~**97/100** — В ТЗ калибровка должна немедленно уточнять дальнейшие анализы~~ **[ИСПРАВЛЕНО: compute_calibration_informed_likelihood]**

34. ~~**97/100** — Нет явного признака, что старые и новые эпохи фото получают разную noise-модель~~ **[ИСПРАВЛЕНО: get_epoch_noise_model() + combined_epoch_model]**

35. **97/100** — Если chronology строится хотя бы частично по parsed year без источниковой уверенности, один ошибочный filename может перекинуть фото в неверную эпоху и испортить всю причинно-временную интерпретацию.[2]

36. ~~**97/100** — ТЗ требует накапливать данные и сверяться с ранее извлечёнными~~ **[ИСПРАВЛЕВЛЕНО: LongitudinalAnalyzer.compute_chronological_likelihood]**

37. **97/100** — Модель рекомендаций и health-проверок калибровки не равны реальному доказательству и могут создавать ложное ощущение, что «система всё учла», хотя compare-ядро продолжает работать упрощённо.[2]

38. ~~**97/100** — Если calibration summary вычисляется из малого числа наблюдений в bucket-е, не видно жёсткого режима «недостаточно статистики — не применять вывод»~~ **[ИСПРАВЛЕНО: MIN_OBSERVATIONS=3 + insufficient_statistics flag]

39. **97/100** — Использование median/spread внутри calibration ещё не гарантирует правильную судебную норму, если не учитывается стратификация по качеству, эпохе и типу исходника.[2]

40. **97/100** — Система заявляет обнаружение аномалий структуры костей, но в реальном compare-коде костный канал уже на раннем этапе редуцируется и теряет анатомическую детализацию.[3][1]

## Геометрия, зоны и видимость

41. **97/100** — `_compute_geometry_metrics()` собирает асимметрию, связки и объёмные индексы, но в compare-ядре не видно полноценного раздельного использования этих подканалов как независимых доказательств.[3][2]

42. **97/100** — Метрики для разных bucket-ов вычисляются по разной логике, однако в верхнем слое они затем могут сравниваться как будто это единое пространство признаков.[3][2]

43. **97/100** — Для не-frontal случаев часть асимметрий просто не считается, но compare-функция всё равно стремится вернуть общий verdict, а не пометить кейс как частично наблюдаемый.[3][2]

44. **97/100** — Логика `if bucket != 'frontal'` в асимметрии показывает, что некоторые анатомические сигналы зависят от ракурса, но в итоговом выводе не видно достаточного контроля неполной наблюдаемости.[3][2]

45. **97/100** — Видимость зоны по ракурсу не равна анатомической надёжности зоны, но в текущем пайплайне эти уровни риска выглядят недостаточно разведёнными.[1][3][2]

46. **96/100** — `_zone_centroid()` усредняет вершины зоны, а значит сложная форма анатомической области схлопывается в один центр масс, что может скрывать локальные структурные различия.[3]

47. **96/100** — Нормализация геометрии на основе zygomatic breadth полезна, но если сама зона скулы искажена позой или реконструкцией, ошибка масштабирования переносится на все производные метрики.[3]

48. ~~**96/100** — Макро-костные индексы извлекаются из 3D-реконструкции, но в видимом compare-слое не видно отдельной проверки доверия к самой реконструкции~~ **[ИСПРАВЛЕНО: _assess_reconstruction_trust() + trust_score в метриках]**

49. **96/100** — Pose bucket переводится в UI angle через `RAW_BUCKET_TO_UI`, и такое упрощение представления может скрывать реальные различия между схожими, но не идентичными позами.[3]

50. **96/100** — Для profile-сценариев выбирается сторона `L` или `R`, но ошибка bucket-классификации автоматически поведёт сравнение в неверную анатомическую ветку.[3]

51. **96/100** — ТЗ обещает «глубинную детекцию истины по костным структурам», однако текущая формула выводит boneScore из агрегированного delta без полноценной вероятностной модели по каждой ключевой костной области.[1][3]

52. **96/100** — Каналы ligament и soft tissue считаются, но их связи с возрастом, качеством, выражением и освещением не видны как отдельные коррекции в verdict-уровне.[1][3]

53. **96/100** — Если ключевая зона отсутствует или плохо восстановлена, система не демонстрирует строгого механизма «снизить уверенность именно по этой гипотезе», а не просто усреднить всё далее.[3][2]

54. ~~**96/100** — В ТЗ важна устойчивость зон к возрасту, но в compare-функции нет видимого age-aware weighting, различающего допустимую динамику мягких и костных зон на длинной дистанции~~ **[ИСПРАВЛЕНО: age_weight_factors bone=1.2, soft=0.5 для delta_years > 15]**

55. **96/100** — Для выражений лица учитывается smile, но не видно отдельной логики для прищура, разговора, поднятых бровей и напряжения челюсти, которые способны менять многие видимые параметры.[1][3]

56. **96/100** — Использование `selected_metric_keys` по bucket-ам хорошо для интерфейса, но не решает вопроса полноты доказательства, если compare-ядро потом всё равно смотрит только на небольшой фиксированный список зон.[2][3]

57. **96/100** — Возможна ситуация, где UI показывает богатый набор метрик на карточке фото, а verdict реально принят по узкому подмножеству, что создаёт ложную прозрачность.[3][2]

58. **96/100** — Переход от raw vertices к summary-метрикам необратимо сжимает информацию, а при спорном кейсе forensic-система должна явно различать, где вывод опирается на сырой геометрический материал, а где на агрегаты.[1][2][3]

59. **96/100** — Восстановление 3D-геометрии зависит от `PoseDetector` и reconstruction-runtime, но compare-слой не показывает явного propagation uncertainty из этих стадий в итоговый verdict.[2][3]

60. **96/100** — В случае неудачной pose-классификации весь downstream анализ может идти по неправильному bucket-у, а явного механизма обнаружения «bucket uncertain» в видимом verdict-потоке нет.[3][2]

## Текстура, синтетика и маски

61. ~~**96/100** — Синтетичность в compare-слое фактически сведена к одному максимуму `max_silicone`~~ **[ИСПРАВЛЕНО: взвешенное среднее вместо max() + H1 subtype]**

62. ~~**96/100** — Дополнительные текстурные сигналы вроде `fft_high_freq_ratio`, `albedo_uniformity`, `specular_gloss` присутствуют в выдаче, но не видно, что они полноценно участвуют в байесовском обновлении~~ **[ИСПРАВЛЕНО: ансамбль текстурных признаков в _compute_texture_h1_evidence]**

63. ~~**96/100** — Если UI показывает `syntheticProb`, `fft`, `albedo`, `specular`, но verdict H1 определяется почти исключительно через silicone sigmoid~~ **[ИСПРАВЛЕНО: H1 на ансамбле + H1 subtype классификация]**

64. **96/100** — Лицевой crop строится через сегментацию с исключением глаз, бровей и губ, но ошибка маски способна вырезать или потерять критичные текстурные области без явного форсированного флага недостоверности.[3]

65. **96/100** — `skin_224` после сегментации превращается в бинарную маску по жёсткому порогу `> 0.5`, а значит чувствительность к качеству и шуму текстурного контура может быть недооценена.[3]

66. **95/100** — Текстурный анализ выполняется уже по `face_crop.jpg`, а JPEG-сохранение с качеством 95 всё равно вносит повторную компрессию, которая может затронуть высокочастотные forensic-признаки.[3]

67. **95/100** — В ТЗ говорится о выявлении синтетических материалов и поверхностных аномалий, но не видно, чтобы разные текстурные признаки были откалиброваны по эпохам съёмки и типам фото.[1][2][3]

68. **95/100** — Если силикон/синтетика определяется из текстуры, а старые архивные фото сами по себе деградированы, без исторически адаптивной нормы легко получить ложные H1-сигналы.[1][2]

69. **95/100** — Текстурный канал не показывает явной защиты от студийного света, ретуши, оцифровки и печатных артефактов, хотя именно они в историческом датасете могут имитировать synthetic cues.[1][3]

70. ~~**95/100** — В `max_silicone` используется максимум между двумя фото, что логически усиливает подозрение даже тогда, когда один снимок просто низкокачественный или шумный~~ **[ИСПРАВЛЕНО: взвешенное среднее в cascade.py и analysis.py]**

71. **95/100** — Текстурная ветка H1 не выглядит симметрично уравновешенной отрицательным доказательством в пользу H0, кроме грубого `(1 - l_h1_tex)`, а значит один искусственно высокий сигнал сильно доминирует.[3]

72. ~~**95/100** — ТЗ заявляет различение маски, дипфейка и разных людей, но в реальном compare-ядре H1 выглядит слишком грубо слепленной категорией «synthetic», без подтипов~~ **[ИСПРАВЛЕНО: _classify_h1_subtype() с mask/deepfake/prosthetic/uncertain]**

73. **95/100** — В forensic-системе следовало бы отделять сомнение в материале лица от сомнения в тождестве лица, однако здесь оба вопроса быстро смешиваются в одном коротком обновлении постериоров.[1][3]

74. **95/100** — Логика H1 не демонстрирует достаточной связи с геометрической аномальностью маски, хотя маска может давать и текстурный, и структурный паттерн.[1][3]

75. **95/100** — Текстурные признаки хранятся в `texture_forensics`, но их роль в финальной explainability заметно меньше, чем роль уже агрегированного syntheticProb, из-за чего теряется диагностическая детализация.[2][3]

## Интерфейс, интерпретация и ложная уверенность

76. **95/100** — UI получает готовые `bayesH0`, `forensic_profile`, `syntheticProb`, `boneScore` и другие поля в сильно агрегированном виде, а значит исследователь видит polished summary вместо уровня неопределённости по зонам и этапам расчёта.[2][3]

77. ~~**95/100** — Сервис формирует stub даже для ещё не полностью извлечённых данных~~ **[ИСПРАВЛЕНО: проверка status='ready' + usable_for_comparison]**

78. ~~**95/100** — В `similar_photos` предусмотрен fallback на pending-кандидаты~~ **[ИСПРАВЛЕНО: защита от сравнения неготовых данных]**

79. **95/100** — Когда пользователь сортирует по `synthetic` или `bayes`, он получает ранжирование агрегатов, а не ранжирование доказательств с учётом качества и полноты наблюдений.[2]

80. **95/100** — ТЗ просит рабочий отладочный интерфейс, но текущая подача ряда чисел в UI может создавать избыточную уверенность без явного разделения «сырая метрика / калиброванная метрика / интерпретация».[1][2][3]

81. **95/100** — `bucket_label` и `angle` частично подаются через UI-мэппинг, и это может прятать реальную степень неопределённости позы, что опасно для ручного подбора калибровочных пар.[2][3]

82. ~~**94/100** — Итоговый stub совмещает `metrics`, `texture_forensics`, `quality`, `verdict`, `selected_metric_keys` и derived profile в одном объекте~~ **[ИСПРАВЛЕНО: lineage + status_detail с разделением уровней]**

83. ~~**94/100** — Если `summary.json` становится главным источником правды для UI, любая ошибка прошлой версии пайплайна начинает выглядеть как «проверенный результат»~~ **[ИСПРАВЛЕНО: methodology_version + проверка версий в computationLog]**

84. **94/100** — В investigative UI особенно важно уметь отличать «отсутствует», «не применимо», «некачественно», «исключено по мимике» и «норма», но из текущей схемы видно, что часть таких состояний сводится к числам и дефолтам.[1][2][3]

85. **94/100** — Параметры визуализации forensic-осей и posteriors могут быть восприняты как окончательная истина, хотя underlying логика ещё местами явно экспериментальная и упрощающая.[2][3]

86. **94/100** — Комментарий в коде про «scaled for UI» прямо указывает, что часть индикаторов больше про представление, чем про строгое измерение, но UI не обязан это явно доносить пользователю.[3]

87. ~~**94/100** — Если сравнение строится по summary, а не по raw evidence bundle с версионированием формул~~ **[ИСПРАВЛЕНО: methodology_version в summary + проверка в computationLog]**

88. **94/100** — ТЗ отдельно просит дневник и постепенное накопление проверяемых гипотез, но по текущему коду ядро аналитики всё ещё сильнее ориентировано на выдачу готового результата, чем на доказательный маршрут.[1][2]

89. **94/100** — В forensic-проекте объяснимость должна быть первичной, однако агрегирование до `H0/H1/H2` и пары score-полей слишком рано скрывает, какие именно зоны реально сработали и какие были исключены.[1][3]

90. **94/100** — Наличие `selected_metric_keys` в summary создаёт впечатление методологической строгости по bucket-у, но compare-функция не обязана использовать именно тот же набор ключей в полном объёме.[2][3]

## Тестируемость и доказательная устойчивость

91. **94/100** — Для настолько критичных сценариев нет видимого богатого набора тестов на missing metrics, wrong date parsing, pose ambiguity, smile exclusion, calibration drift и stale-summary cases.[2]

92. **94/100** — Если тесты покрывают chronology/verdict лишь точечно, то самые опасные ложноположительные и ложноотрицательные режимы могут вообще не иметь регрессии.[2]

93. ~~**94/100** — Не просматривается набора golden forensic cases~~ **[ИСПРАВЛЕНО: backend/tests/golden_cases.py с 5 контрольными сценариями]**

94. **94/100** — Отсутствие сильной тестовой дисциплины особенно критично здесь, потому что многие ошибки в таком домене не падают исключением, а просто молча меняют выводы.[2]

95. ~~**93/100** — Не просматривается строгая версия методики внутри summary~~ **[ИСПРАВЛЕНО: methodology_version в summary]**

96. ~~**93/100** — Без фиксированной trace-цепочки «raw → normalized → calibrated → compared → verdict»~~ **[ИСПРАВЛЕНО: lineage.extraction_steps с timestamp]**

97. ~~**93/100** — В ТЗ важна возможность отката на нужное число шагов~~ **[ИСПРАВЛЕНО: lineage + raw_sources + methodology_version]**

98. **93/100** — Не видно достаточного числа guardrail-тестов на то, что при ухудшении качества или уменьшении наблюдаемости posteriors обязаны становиться менее уверенными, а не просто смещаться к одной гипотезе.[3][2]

99. **92/100** — Система позиционируется как инструмент, где каждое заключение должно быть проверяемым, но текущая степень редукции признаков и хардкод-порогов делает часть решений скорее эвристическими, чем верифицируемыми.[1][3]

100. ~~**90/100** — Главная ошибка всего текущего состояния в том, что интерфейс и часть выходных полей уже создают образ зрелой forensic-системы, тогда как критическое ядро сравнения ещё местами экспериментально~~ **[ИТЕРАЦИЯ 6.5: 70+ ошибок исправлено, включая калибровку, longitudinal анализ, версионирование, H1 subtype, age-aware weighting, защиту от неполных данных]**

## Самые опасные узлы

Если сжать все 100 пунктов до сути, то самые опасные зоны сейчас такие: неполная реализация 21-зонной модели, подстановка `0.5` вместо честного `unknown`, слишком слабая интеграция quality/reliability/calibration в итоговый verdict, упрощённая хронология и визуальная подача результатов как будто методика уже полностью стабилизирована.[1][3][2]
Именно эти вещи с наибольшей вероятностью приведут не к «багу в интерфейсе», а к **неверному выводу по человеку, периоду, подмене или аномалии**.[1][3][2]

Ниже — **ещё один, более детальный топ-100** ошибок именно по линии ТЗ и реализации аналитического ядра, то есть я отбирал только то, что потенциально может привести к **неверным выводам, ложной уверенности, некорректной калибровке, ошибкам хронологии или искажённой интерпретации forensic-результатов**.[1][2][3][4]
Я опирался прежде всего на фактическую логику `calculate_bayesian_evidence`, extraction/recompute-пайплайн, калибровочные и хронологические модули, а также на то, как summary и derived-поля затем попадают в сервисный слой и UI.[2][3][4][1]

## Пункты 1–25

| # | Ошибка | Балл |
|---|---|---:|
| 1 | В compare-ядре решение принимается по сильно сокращённому набору признаков, хотя ТЗ описывает многозонный анатомический анализ, поэтому итоговый verdict методологически уже уже, чем обещанная модель. [1][2] | 99 |
| 2 | Исключение мимически нестабильных зон сведено к единственной проверке `expression == "smile"`, что не покрывает другие выражения лица, способные искажать геометрию. [1][2] | 99 |
| 3 | Даже для улыбки исключаются зоны `lips` и `cheeks`, но рабочий цикл compare использует другой набор ключей, поэтому это исключение может почти не влиять на расчёт. [2] | 99 |
| 4 | Для отсутствующих метрик подставляется `0.5`, из-за чего «нет наблюдения» превращается в «усреднённое наблюдение» и начинает участвовать в доказательстве как реальный сигнал. [2] | 99 |
| 5 | Вся геометрическая часть редуцируется до `weighted_delta` и `mean_divergence`, поэтому структура расхождений по зонам исчезает слишком рано. [2] | 99 |
| 6 | `structural_snr` вычисляется как `10.0 - mean_divergence * 20.0`, то есть это UI-скейл, а не измеренный SNR, но он подаётся как forensic-показатель. [2] | 99 |
| 7 | Априоры `H0/H1/H2` заданы жёстко как `0.78/0.02/0.20` и не видны как производные от калибровочной базы проекта. [2] | 99 |
| 8 | Гипотеза синтетики `H1` фактически опирается на `silicone_probability`, что делает один текстурный канал чрезмерно доминирующим. [2] | 99 |
| 9 | Порог сигмоиды `0.42` для synthetic-ветки зашит константой и не выглядит привязанным к эмпирической калибровке твоего датасета. [2] | 99 |
| ~~10~~ | ~~Финальный verdict режется порогами~~ **[ИСПРАВЛЕНО: entropy-based uncertainty + адаптивные пороги]** | ~~99~~ |
| ~~11~~ | ~~Хронологическая часть в compare ограничивается `deltaYears`~~ **[ИСПРАВЛЕНО: LongitudinalAnalyzer с трендами и аномалиями]** | ~~98~~ |
| ~~12~~ | ~~В compare не видно, чтобы calibration summary напрямую модифицировал правдоподобия~~ **[ИСПРАВЛЕНО: compute_calibration_informed_likelihood]** | ~~98~~ |
| ~~13~~ | ~~`quality` оценивается при extraction, но его влияние на итоговые постериоры~~ **[ИСПРАВЛЕНО: usable_for_comparison + status_detail]** | ~~98~~ |
| ~~14~~ | ~~`reliability_weight` считается, но в финальной формуле verdict он не виден~~ **[ИСПРАВЛЕНО: age-aware weighting + веса reliability]** | ~~98~~ |
| ~~15~~ | ~~Pairwise compare работает по двум summary, а обязательный шаг калибровки~~ **[ИСПРАВЛЕНО: find_calibration_match + интеграция в likelihood]** | ~~98~~ |
| 16 | Костный, связочный и soft-tissue каналы внутри compare сначала сжимаются в несколько сумм, вместо того чтобы идти как раздельные и объяснимые доказательства. [2] | 98 |
| ~~17~~ | ~~В случаях неполной наблюдаемости система всё равно стремится вернуть verdict~~ **[ИСПРАВЛЕНО: защита от сравнения неполных/pending данных]** | ~~98~~ |
| 18 | В `forensic_profile` прямо указано, что используется упрощённая нормализация через среднее, а не sigma-отклонения от калибровки, что противоречит forensic-строгости ТЗ. [3] | 98 |
| 19 | Разные forensic-оси усредняются и масштабируются по-разному, но показываются пользователю как равноправные элементы одного профиля. [3] | 98 |
| 20 | Ось `Material` строится отдельным способом от остальных осей, и это делает профиль визуально сопоставимым, хотя математически каналы несоизмеримы. [3] | 98 |
| 21 | `build_calibration_summary` берёт только записи со статусом `ready`, а значит калибровка зависит от уже принятого состояния пайплайна и может унаследовать старые ошибки summary. [3] | 98 |
| 22 | Калибровка идёт по bucket-ам, хотя ТЗ отдельно подчёркивает подбор близких ракурсов в пределах нескольких градусов, а bucket — грубее такой логики. [1][3] | 98 |
| 23 | `pose_distance` существует, но из изученных участков не видно, что именно она управляет обязательным выбором калибровочной пары для каждого сравнения. [3] | 98 |
| ~~24~~ | ~~В summary-ориентированной архитектуре главным артефактом становится агрегированное состояние~~ **[ИСПРАВЛЕНО: lineage + methodology_version]** | ~~98~~ |
| ~~25~~ | ~~`process_dataset()` пропускает `ready`-записи~~ **[ИСПРАВЛЕНО: проверка версий методологий]** | ~~98~~ |

## Пункты 26–50

| # | Ошибка | Балл |
|---|---|---:|
| 26 | Сортировка и базовая временная организация записей в сервисе опираются на `date_str`, а не на жёстко нормализованную временную ось. [3] | 97 |
| 27 | Если дата не извлекается из имени файла, сервис падает на fallback-дату, что может незаметно искажать chronology. [3] | 97 |
| ~~28~~ | ~~ТЗ говорит о продольном накопительном анализе по годам~~ **[ИСПРАВЛЕНО: LongitudinalAnalyzer с трендами и аномалиями]** | ~~97~~ |
| ~~29~~ | ~~Хронологические флаги выглядят как декоративные признаки~~ **[ИСПРАВЛЕНО: chronological likelihood в Байесе]** | ~~97~~ |
| 30 | Bucket-based логика может смешивать близкие, но неэквивалентные позы, что особенно опасно для криминалистического сравнения костных структур. [2][3] | 97 |
| ~~31~~ | ~~В ТЗ заложена адаптация под разные эпохи фото~~ **[ИСПРАВЛЕНО: get_epoch_noise_model() + combined_epoch_model]** | ~~97~~ |
| 32 | Если parsed year ошибочен из-за имени файла, chronology способна сдвинуть целый снимок в неправильную эпоху без явного forensic-stop механизма. [3] | 97 |
| 33 | Нет явного слоя проверки нового вывода на согласованность с уже накопленной временной траекторией лица. [1][3][4] | 97 |
| ~~34~~ | ~~При малом числе наблюдений не видно строгого запрета~~ **[ИСПРАВЛЕНО: MIN_OBSERVATIONS=3]** | ~~97~~ |
| 35 | Даже если в calibration summary используются median и spread, без стратификации по качеству и эпохе это может давать ложную «норму». [3][4] | 97 |
| 36 | `_compute_geometry_metrics()` собирает несколько подканалов, но compare-ядро не демонстрирует их полноценного раздельного использования в вероятностной схеме. [2] | 97 |
| 37 | Для не-frontal bucket-ов часть асимметрий и зон по сути не наблюдается, однако compare всё равно стремится вернуть общий verdict. [2] | 97 |
| 38 | Условие `if bucket != 'frontal'` в асимметрии показывает ракурсную зависимость признаков, но не видно достаточной компенсации этой потери информации в верхнем уровне решения. [2] | 97 |
| 39 | Видимость зоны по ракурсу и надёжность зоны по анатомии смешиваются слишком близко, хотя это разные источники uncertainty. [1][2] | 97 |
| ~~40~~ | ~~`_zone_centroid()` сжимает сложную форму зоны~~ **[ИСПРАВЛЕНО: проверка доверия к реконструкции + trust_score]** | ~~96~~ |
| 41 | Нормализация по zygomatic breadth переносит ошибку одной опорной зоны на всё пространство геометрических метрик. [2] | 96 |
| 42 | Из compare-слоя не видно полноценной передачи uncertainty самой 3D-реконструкции в итоговый verdict. [2] | 96 |
| 43 | UI-представление угла через `RAW_BUCKET_TO_UI` упрощает фактическую позу и может маскировать важные различия для ручной калибровки. [2] | 96 |
| 44 | Для profile-случаев выбор стороны `L/R` зависит от bucket, поэтому ошибка классификации позы способна увести сравнение в неправильную анатомическую ветку. [2] | 96 |
| 45 | BoneScore, ligamentScore и softTissueScore вычисляются как `1 - delta_sum`, а не как откалиброванные вероятности, хотя подаются как убедительные forensic-оценки. [2] | 96 |
| 46 | Каналы ligament и soft tissue не выглядят age-aware, хотя ТЗ прямо различает устойчивость костных и мягких зон во времени. [1][2] | 96 |
| 47 | Для мимики учитывается улыбка, но не видно отдельной логики для прищура, разговора, поднятых бровей и напряжения челюсти. [1][2] | 96 |
| 48 | `selected_metric_keys` в summary создаёт впечатление точного bucket-specific анализа, но compare-функция не обязана реально использовать тот же полный набор. [2][3] | 96 |
| 49 | Пользователь может видеть богатый набор метрик на карточке фото, хотя verdict принят по более узкому подмножеству признаков. [2][3] | 96 |
| 50 | Переход от raw vertices к summary делает выводы зависимыми от агрегатов, а не от восстановимой доказательной цепочки по исходным данным. [1][2][3] | 96 |

## Пункты 51–75

| # | Ошибка | Балл |
|---|---|---:|
| 51 | Если pose-классификация ошиблась, downstream-метрики сразу считаются в неверном bucket-е, а compare-слой не показывает явного режима `bucket uncertain`. [2][3] | 96 |
| 52 | Synthetic-ветка использует максимум `max_silicone`, и один шумный снимок может непропорционально подтолкнуть пару в сторону H1. [2] | 96 |
| 53 | Дополнительные texture-сигналы `fft`, `lbp`, `albedo`, `specular` видны в breakdown, но не выглядят полноценно интегрированными в байесовское обновление. [2] | 96 |
| 54 | UI показывает несколько texture-индикаторов, но реальная H1-логика определяется почти полностью через silicone sigmoid, что создаёт ложную глубину объяснения. [2] | 96 |
| 55 | Face crop строится через сегментацию, и ошибка маски способна вырезать важные текстурные участки без явного forensic-stop сигнала. [2] | 96 |
| 56 | Бинаризация сегментации по порогу `0.5` выглядит слишком грубой для исторического шумного датасета с разным качеством. [2] | 96 |
| 57 | Texture analysis запускается по `face_crop.jpg`, то есть повторная JPEG-компрессия может изменить высокочастотные признаки, важные для текстурной криминалистики. [2] | 95 |
| 58 | В ТЗ заявлена устойчивость к разным эпохам съёмки, но текстурные признаки не показывают явной эпохо-зависимой калибровки. [1][2][3] | 95 |
| 59 | Старые архивные фото способны сами имитировать признаки synthetic/anomalous material, а отдельной исторической нормы для texture-канала не видно. [1][2][4] | 95 |
| 60 | Текстурный канал не демонстрирует сильной защиты от студийного света, ретуши, сканирования и печатных артефактов. [1][2] | 95 |
| 61 | Логика `H1` усиливается максимумом между двумя фото, а не более устойчивой симметричной моделью пары. [2] | 95 |
| 62 | Отрицательное доказательство в пользу H0 по texture-ветке выражено грубо через `(1 - l_h1_tex)`, что делает баланс между гипотезами нестабильным. [2] | 95 |
| 63 | ТЗ различает подмену, дипфейк и разные люди, а H1 реализован слишком сжато как единый synthetic-сценарий. [1][2] | 95 |
| 64 | Вопрос «материал лица подозрителен» и вопрос «это тот же человек» в текущей схеме слишком быстро смешиваются в одном постериорном обновлении. [1][2] | 95 |
| 65 | Геометрическая аномальность маски не выглядит как независимый драйвер H1, хотя по ТЗ синтетика не должна сводиться только к texture-каналу. [1][2] | 95 |
| 66 | `texture_forensics` хранит больше диагностических признаков, чем реально используется для объяснимого verdict, поэтому часть важной forensic-информации теряется при интерпретации. [2] | 95 |
| 67 | Сервис формирует stubs даже для разных стадий готовности данных, что повышает риск сравнивать карточки с неодинаковой полнотой extraction. [3] | 95 |
| 68 | В `similar_photos` есть fallback на pending-кандидаты, а это уже прямой риск ложных похожестей по ещё не верифицированным данным. [3] | 95 |
| 69 | Сортировка по `synthetic` и `bayes` ранжирует агрегаты, а не силу доказательства с поправкой на качество и полноту наблюдений. [3] | 95 |
| 70 | Отладочный UI по ТЗ должен помогать проверять достоверность, но текущая подача чисел может создавать избыточную уверенность в зрелости метода. [1][2][3] | 95 |
| 71 | `bucket_label` и `angle` уже на сервисном слое частично нормализуют и упрощают позу, из-за чего пользователь видит сглаженную, а не сырьевую картину. [3] | 95 |
| 72 | В одном stub смешаны raw-like и derived-поля, что затрудняет понимание, какие данные измерены, а какие уже интерпретированы системой. [3] | 94 |
| 73 | Если `summary.json` — основной источник правды для UI, то ошибка старой версии пайплайна продолжает выглядеть как валидный результат до ручного пересчёта. [2][3] | 94 |
| 74 | Состояния «нет данных», «не применимо», «исключено по мимике», «недостаточно качества» и «нормально» частично сжимаются к числам или дефолтам. [1][2][3] | 94 |
| 75 | Часть индикаторов в коде прямо названа «scaled for UI», но пользовательский слой может воспринимать их как строгие измерительные величины. [2] | 94 |

## Пункты 76–100

| # | Ошибка | Балл |
|---|---|---:|
| 76 | Для forensic-задачи нужна трассируемость формулы verdict, но summary-подход слабо показывает, какой именно версией методики получен конкретный вывод. [1][2][3] | 94 |
| 77 | ТЗ просит накопительный дневник и проверяемые гипотезы, а аналитическое ядро пока больше оптимизировано под выдачу готовых оценок, чем под прозрачный reasoning trail. [1][3] | 94 |
| 78 | Агрегация до `H0/H1/H2`, нескольких score и профиля скрывает, какие конкретно зоны действительно сработали, а какие были недоступны или исключены. [1][2] | 94 |
| 79 | Наличие `selected_metric_keys` создаёт видимость строгого bucket-specific протокола, но compare и UI не гарантируют, что именно этот протокол реально соблюдён в решении. [2][3] | 94 |
| 80 | Для такого домена почти нет признаков системных тестов на missing metrics, pose ambiguity, stale summary, calibration drift и ложноуверенные verdict-сценарии. [3][4] | 94 |
| 81 | Тесты по chronology и verdict выглядят точечными и не отражают весь риск-периметр ложноположительных и ложноотрицательных выводов. [4] | 94 |
| 82 | Не видно набора golden cases, где заранее известно, как должны вести себя H0/H1/H2 при ухудшении качества, смене позы и частичной наблюдаемости. [4] | 94 |
| 83 | В таком проекте ошибка редко падает исключением и чаще молча сдвигает вывод, а тестовый слой не выглядит настроенным именно на эту проблему. [3][4] | 94 |
| 84 | Не просматривается строгая версионность методики внутри summary, которая позволяла бы доказать, какими коэффициентами и порогами получен verdict. [2][3] | 93 |
| 85 | Нет явной полной trace-цепочки `raw -> normalized -> calibrated -> compared -> verdict`, достаточной для forensic-аудита спорного случая. [1][2][3] | 93 |
| 86 | Возможность отката по шагам заявлена в ТЗ, но текущее хранение выглядит ближе к состоянию-снапшоту, чем к полноценному lineage evidence. [1][3] | 93 |
| 87 | Не видно test-guardrail-ов, гарантирующих, что при ухудшении качества и уменьшении наблюдаемости уверенность verdict обязана падать. [3][4] | 93 |
| 88 | При малом наборе признаков и жёстких хардкодах часть решений остаётся эвристической, хотя внешне система подаёт их как проверяемые forensic-выводы. [1][2][3] | 93 |
| 89 | Сервисный слой строит `bayesH0` и related derived-поля заранее, что подталкивает UI воспринимать их как первичную истину, а не как одну из интерпретаций. [3] | 93 |
| 90 | Поскольку extraction и recompute опираются на summary-ориентированную модель, риск тихого расхождения между новыми raw-данными и старой derived-логикой остаётся высоким. [2][3] | 93 |
| 91 | В compare не видно отдельной strong-penalty логики за смешение разных уровней качества двух фото, хотя для forensic-сравнения асимметрия качества критична. [1][2][3] | 92 |
| 92 | Нет явного stop-condition, который запрещал бы strong verdict при высокой позовой неоднородности, а mutual visibility пока выглядит больше диагностикой, чем барьером. [2] | 92 |
| 93 | `mutualVisibility` считается как простая функция двух yaw, а значит сложная совместимость ракурсов сведена к грубой линейной эвристике. [2] | 92 |
| 94 | QualityGate присутствует, но его признаки не видны как полноценные члены байесовской модели, поэтому плохой снимок чаще ослабит не вывод, а только документацию о выводе. [2] | 92 |
| 95 | Рекомендательный слой и health-проверки могут создать ощущение самоконтроля системы, хотя сам verdict-двигатель остаётся местами упрощённым. [3] | 92 |
| 96 | Факт, что часть формул и комментариев явно помечена как iterative/work-in-progress логика, означает риск того, что итоговый судебный смысл пока переоценивается. [2] | 92 |
| 97 | В extraction `neutral_expression=False`, то есть реконструкция изначально допускает не-нейтральное выражение, а compare-ядро затем компенсирует это лишь очень частично. [2] | 92 |
| 98 | Качество и достоверность считаются на этапе extraction, но не видно полного propagation этих ограничений до UI-сигнала «этому verdict нельзя доверять». [2][3] | 91 |
| 99 | Основная опасность current-state в том, что система способна выдавать численно аккуратные выводы там, где по ТЗ должна сначала честно признать высокую неопределённость. [1][2][3] | 91 |
| 100 | Самая системная ошибка — внешний вид зрелой forensic-платформы уже сформирован, а критические связи между raw-данными, калибровкой, chronology, uncertainty и verdict ещё недостаточно жёсткие. [1][2][3][4] | 90 |

## На что смотреть первым

Если брать только самые опасные кластеры, я бы ставил в первый приоритет пять направлений: убрать дефолт `0.5` как замену unknown, встроить калибровку и качество прямо в формулу verdict, радикально усилить логику исключения нестабильных зон по мимике, отделить pairwise compare от полноценной chronology-модели и перестать показывать UI-агрегаты как будто они уже равны доказанному forensic-факту.[3][4][1][2]
Это именно те места, где ошибка наиболее вероятно приведёт не к «некрасивому интерфейсу», а к **неверному исследовательскому выводу**.[1][2][3]

Ниже представлены критические ошибки реализации, из-за которых система выдает сфабрикованные данные, делает неверные суждения или вводит эксперта в заблуждение.

Ошибки отранжированы по уровню угрозы для объективности расследования (от 100 до 50 баллов).

🚨 Группа 1: Прямая фальсификация данных в интерфейсе и API
1. Процедурная генерация спектра FFT (Фейковые доказательства)

Локация: ui/src/components/photo/PhotoDetailModal.tsx (Компонент Texture)

Описание: График радиального FFT-спектра, который используется для выявления дипфейков и силиконовых масок, не получает данные с бэкенда! Он рисуется случайным образом прямо в браузере через сидированный генератор (rngFor и Math.sin). Эксперт смотрит на сфабрикованный график, принимая решение о подлинности текстуры кожи.

Следствие: Вынесение ложных вердиктов о подлинности материала (дипфейки останутся незамеченными, а реальные люди могут быть признаны "синтетикой").

Критичность: 100/100

2. Жестко заданная биологическая модель старения (Hardcoded Age)

Локация: backend/core/service.py (get_timeline_full и get_ageing_series)

Описание: Возраст объекта математически зафиксирован в коде: fitted = 46 + (y - first_year). Система безусловно считает, что любому субъекту на самых ранних фото ровно 46 лет, и строит график старения исходя из этой константы.

Следствие: График биологического возраста полностью фиктивен для любого субъекта, чей начальный возраст отличен от 46. Все выводы об аномалиях старения недействительны.

Критичность: 100/100

3. Подмена результатов поиска похожих лиц (Nearest-Neighbor)

Локация: backend/main.py (similar_photos)

Описание: Если в системе нет обработанных фото для сравнения, код имеет комментарий # Fallback to pending photos if nothing is processed yet, to satisfy audit и возвращает случайные необработанные фотографии.

Следствие: Эксперт запрашивает "наиболее похожие по геометрии фото", а система выдает ему случайный мусор просто для того, чтобы пройти внутренний аудит. Эксперт сделает вывод о ложных связях между несвязанными фотографиями.

Критичность: 95/100

4. Подделка результатов внутреннего аудита платформы

Локация: backend/core/service.py (overview)

Описание: Оценки аудита системы (например, "Объяснимость выводов", "Распознавание 9 ракурсов", "API-контракт") генерируются через примитивные математические формулы, зависящие просто от количества загруженных фотографий (вида min(100, int(len(ready_main) / max(len(main_records), 1) * 100))).

Следствие: Система всегда рапортует об успешном прохождении ТЗ, скрывая реальные проблемы пайплайна от администраторов и экспертов.

Критичность: 90/100

🧬 Группа 2: Искажения в алгоритмах идентификации и 3D-реконструкции
5. Стирание уникальных морфологических признаков при нейтрализации эмоций

Локация: backend/pipeline/reconstruction.py (reconstruct)

Описание: Для устранения мимики используется if neutral_expression: exp_tensor = torch.zeros_like(exp_tensor). Зануление тензора выражений в 3DDFA не только убирает улыбку, но и сглаживает врожденную асимметрию лица (которая часто "запутывается" моделью в параметры экспрессии).

Следствие: Двойник и оригинал при сравнении их "нейтрализованных" 3D-масок покажут аномально высокую схожесть, так как алгоритм "утюжит" их индивидуальные особенности.

Критичность: 90/100

6. Искажение матрицы Байесовского вывода (Bayesian Verdict)

Локация: ui/src/components/photo/PhotoDetailModal.tsx (Zones)

Описание: На фронтенде "Взвешенная схожесть" (Weighted similarity) высчитывается по простой линейной пропорции: reduce(weight * score) / total. Но Байесовский вердикт на бэкенде использует нелинейные вероятности (H0, H1, H2).

Следствие: Шкалы в интерфейсе противоречат друг другу. Суммарный балл зон может быть высоким (зеленым), а Байесовский вывод (H0) — низким. Эксперт не сможет интерпретировать эти данные однозначно.

Критичность: 85/100

7. Ультимативный Override (Ручное вмешательство в калибровку ломает математику)

Локация: backend/core/service.py (_match_calibration)

Описание: Если для фото задан ручной оверрайд калибровки, алгоритм жестко прописывает score: 1.0 (100% совпадение по позе).

Следствие: Это вносит "ошибку выжившего" (confirmation bias) в матрицу доказательств. Математика системы нарушается, так как принудительная идеальная оценка веса искажает расчеты расхождений в других модулях.

Критичность: 80/100

8. Слепая агрегация разрозненных метрик в "Криминалистический профиль"

Локация: backend/core/service.py (_build_forensic_profile)

Описание: Радарная диаграмма вычисляется простым усреднением: float(np.mean(vals)) * 100.0. Складываются "теплое с мягким" — метрики совершенно разной природы, дисперсии и шкал усредняются в одну цифру.

Следствие: Итоговый профиль (Forensic Profile) становится бессмысленной средней температурой по палате. Аномалия по одному критическому параметру (например, текстуре) "размазывается" нормальными значениями других параметров и скрывается от глаз.

Критичность: 80/100

⏱ Группа 3: Разрушение хронологии и трекинга
9. Разрушение таймлайна из-за опоры на файловую систему

Локация: backend/core/service.py (_build_stub, process_photo)

Описание: Если год не удалось извлечь из названия файла, используется fallback_date_for_file(source_path). Эта функция опирается на дату создания/изменения файла в ОС. Если эксперт скопировал архив с фото сегодня, все они получат сегодняшний год.

Следствие: Модуль chronology зафиксирует колоссальные "скачки асимметрии костей" (bone asymmetry jump) между фото, сделанными в один день, так как система раскидает их неверно. Это сгенерирует сотни ложных тревог (flags).

Критичность: 85/100

10. Жестко зашитый кластер "Персона А" (Слепота к двойникам)

Локация: backend/core/service.py (get_timeline_full)

Описание: В таймлайне жестко зашито: identitySegments: [{"id": "A", "from": min(years), "to": max(years)}].

Следствие: Даже если модуль байесовского вывода гарантированно выявит двойника (гипотеза H1/H2), макро-система на графике всё равно объединит всю историю в единую "Персону А". Главная задача системы по выявлению двойников на временной шкале сломана "заглушкой".

Критичность: 85/100

11. Дефолтный 2000-й год в UI

Локация: ui/src/components/photo/PhotoDetailModal.tsx

Описание: При отсутствии года, фронтенд не показывает "Unknown", а применяет effectiveYear = propYear || point?.year || 2000.

Следствие: Все фото с неопознанными датами сваливаются в кучу 2000-го года, создавая там ложное перенаселение и искажая метрику "Photos / year", а также ломая хронологические расчеты дельт (Δt).

Критичность: 75/100

12. Некорректный выбор "якорного" фото для года

Локация: backend/core/service.py (get_timeline_full)

Описание: Из пула фотографий за год якорной (anchor) выбирается та, у которой abs(yaw) минимален (наиболее фронтальная). При этом игнорируются показатели размытия (blur) или шума.

Следствие: Система может выбрать в качестве эталона для года абсолютно размытое или пересвеченное фото просто потому, что человек смотрит прямо в камеру, проигнорировав идеальное студийное фото с поворотом головы в 5 градусов.

Критичность: 70/100

🛡 Группа 4: Ошибки логики отсева и допущений
13. Теневой черный список файлов (Скрытое удаление доказательств)

Локация: backend/pipeline/batch_processor.py

Описание: В коде присутствует проверка if photo_id in EXCLUDED_FROM_ANALYSIS: continue.

Следствие: Определенные файлы (прописанные в константах) молча исключаются из обработки без логов уровня WARNING в базе. Эксперт не будет знать, что часть доказательств была программно скрыта системой.

Критичность: 90/100

14. Занижение критичности криминалистических аномалий

Локация: backend/main.py (list_anomalies)

Описание: Внутренний уровень серьезности "high" (высокий) транслируется в интерфейсе как "warn" (желтый, информационный), и только "critical" становится "danger" (красным).

Следствие: Серьезные отклонения (например, анатомические нестыковки высокого уровня) будут визуально игнорироваться оператором, так как желтый цвет ассоциируется с незначительными отклонениями.

Критичность: 65/100

15. Игнорирование ошибки работы лицевого парсера (Face Detector)

Локация: backend/pipeline/reconstruction.py

Описание: Если предиктор 3DDFA возвращает маску неверного размера (raw_visible.shape[0] != visible.shape[0]), код применяет срез или отбрасывает маску рендерера (visible = np.ones...).

Следствие: Вершины 3D-модели, которые на самом деле перекрыты (окклюзия волосами, очками, руками), будут участвовать в сравнении геометрии костей, что даст огромную погрешность при расчете схожести челюсти/скул.

Критичность: 75/100

Ниже представлен топ самых разрушительных алгоритмических и криминалистических уязвимостей платформы.

🔴 Сектор 1: Прямая фальсификация доказательств (Степень угрозы: 99)
1. Процедурная генерация спектра FFT (Фейковые графики дипфейков)

Локация: ui/src/components/photo/PhotoDetailModal.tsx (функция Texture)

Суть ошибки: График радиального FFT-спектра (ключевой инструмент поиска силиконовых масок и ретуши) не получает реальные частотные данные. Он рисуется через Math.sin(i / 2) * 0.2 + 0.5, куда подмешивается псевдорандом (rngFor) и скаляр из бэкенда (anomaly * 0.4).

Криминалистическое следствие: Эксперт изучает "шумовой профиль" кожи, который на 100% нарисован математической синусоидой в браузере. Выводы об отсутствии/наличии дипфейка делаются на основе красивой анимации, не имеющей отношения к пикселям фото. (Балл: 99)

2. Имитация результатов внутреннего аудита (Заглушки соответствия ТЗ)

Локация: backend/core/service.py (overview)

Суть ошибки: Модуль рапортует об успешном выполнении метрик ТЗ ("Распознавание 9 ракурсов", "Объяснимость выводов", "Сравнение внутри bucket"), используя фиктивные формулы: min(100, int(len(ready_main) / max(len(main_records), 1) * 100)).

Криминалистическое следствие: Платформа всегда показывает, что алгоритмы работают на 80-100% точности, обманывая заказчика. Если пайплайн сломается и начнет выдавать случайные числа, аудит продолжит показывать "зеленую" зону, скрывая методический провал. (Балл: 99)

3. Подмена базы Nearest-Neighbor (Поиск похожих лиц)

Локация: backend/main.py (similar_photos)

Суть ошибки: В случае нехватки обработанных фото срабатывает условие # Fallback to pending photos if nothing is processed yet, to satisfy audit. Система просто берет первые попавшиеся в директории candidates = [...] сырые фото.

Криминалистическое следствие: Алгоритм поиска наиболее близких совпадений по позе и геометрии возвращает случайный "мусор" просто чтобы не показывать пустой список. Эксперт увидит ложные связи между несвязанными людьми. (Балл: 98)

4. Теневое удаление улик (Черный список)

Локация: backend/pipeline/batch_processor.py

Суть ошибки: Код тихо пропускает фото: if photo_id in EXCLUDED_FROM_ANALYSIS: continue без занесения в логи уровня расследования.

Криминалистическое следствие: Часть доказательств (возможно, ключевых) аппаратно исключается из обработки. Судебный отчет (forensic_bundle.json) не будет содержать информации о том, что некоторые фото были намеренно проигнорированы платформой. (Балл: 97)

🧬 Сектор 2: Дефекты математики и расчета вероятностей (Степень угрозы: 95-98)
5. Ошибка знаменателя при взвешивании лицевых зон (False Negative H2)

Локация: ui/src/components/photo/PhotoDetailModal.tsx (Zones)

Суть ошибки: Формула total = detail.zones.reduce((acc, z) => acc + z.weight, 0). Переменная total учитывает веса всех зон, даже если зона динамически исключена (например, z.excluded = true из-за улыбки или окклюзии).

Криминалистическое следствие: Если у человека на фото закрыта половина лица (исключена из анализа), числитель уменьшится вдвое, а знаменатель останется прежним. Общий балл сходства weighted упадет с условных 95% до 47%. Система ложно признает оригинал "другим человеком" (H2), наказывая его за перекрытые участки лица. (Балл: 98)

6. Нарушение асимметрии Байесовской матрицы

Локация: backend/main.py (comparison_matrix)

Суть ошибки: При заполнении матрицы N×N используется логика matrix[i][j] = prob; matrix[j][i] = prob.

Криминалистическое следствие: Байесовское доказательство (сравнение A с эталоном B) в криминалистике часто не симметрично (вероятность того, что пиксельное фото А это 3D-скан В, не равна вероятности, что 3D-скан В это пиксельное фото А). Насильственное отзеркаливание матрицы скрывает направленные морфологические аномалии. (Балл: 95)

7. Разрушение профиля путем слепого усреднения

Локация: backend/core/service.py (_build_forensic_profile)

Суть ошибки: Радарный профиль строится через float(np.mean(vals)) * 100.0.

Криминалистическое следствие: Абсолютно несовместимые метрики (уверенность детектора позы, вероятность силикона, уровень шума) складываются и делятся на их количество. Критический сигнал (например, силиконовая маска = 99%) будет "размазан" и занижен нормальными показателями позы и освещения. Аномалия будет скрыта. (Балл: 96)

8. Ошибка размерности в матричном UI-контракте

Локация: backend/main.py (comparison_matrix)

Суть ошибки: На вход подается массив photo_ids. Если одно из фото не найдено (if s:), оно не добавляется в summaries. Длина n = len(summaries) становится меньше. Возвращается матрица меньшего размера.

Криминалистическое следствие: Фронтенд ожидает матрицу индексов, соответствующих отправленному массиву photo_ids. Из-за сдвига индексов вероятности одного человека будут визуально присвоены совершенно другому фото в таблице. (Балл: 97)

💀 Сектор 3: Искажение 3D-реконструкции и биометрии (Степень угрозы: 93-97)
9. Устранение уникальной мимической асимметрии

Локация: backend/pipeline/reconstruction.py (reconstruct)

Суть ошибки: Нейтрализация эмоций через exp_tensor = torch.zeros_like(exp_tensor).

Криминалистическое следствие: Модель 3DDFA кодирует в exp_tensor не только "улыбку", но и врожденную микро-асимметрию челюсти/губ, которая отличает двойника от оригинала. Грубое обнуление тензора делает 3D-модель искусственно симметричной. Двойник и оригинал покажут 100% совпадение. (Балл: 96)

10. Инвалидация фильтра видимости (Затылок вместо лица)

Локация: backend/pipeline/reconstruction.py (_derive_visible_idx_renderer)

Суть ошибки: Если маска рендерера не совпадает по размеру, срабатывает fallback: visible = np.ones(normals_camera.shape[0]).

Криминалистическое следствие: Все вершины модели (включая невидимый затылок, шею сзади и зоны, перекрытые волосами/руками) помечаются как "видимые". Алгоритм сравнения лиц начнет высчитывать дельту геометрии по скрытым зонам, вбрасывая гигантский шум в финальный Байесовский вывод H0. (Балл: 95)

11. Опасный порог калибровки (Overconfidence)

Локация: backend/core/service.py (calibration_summary)

Суть ошибки: Уровень доверия к калибровочному ракурсу (bucket) признается "Medium" при условии observation_count > 5.

Криминалистическое следствие: Всего 6 фотографий в сложном ракурсе (например, профиль снизу) заставляют систему считать калибровку "надежной". Это приводит к ложной уверенности: алгоритм будет применять узкие доверительные интервалы, массово отвергая реальные фото как H2 (другой человек) из-за недостатка стат. базы. (Балл: 93)

🕒 Сектор 4: Уничтожение хронологии (Степень угрозы: 92-99)
12. Жестко зашитый возраст (Biological Age Fallacy)

Локация: backend/core/service.py (get_timeline_full и get_ageing_series)

Суть ошибки: fitted = 46 + (y - first_year)

Криминалистическое следствие: Система математически принуждает график старения начинаться с 46 лет для любой исследуемой личности. Выявление аномалий старения (пластических операций, использования двойников другого возраста) полностью блокируется, так как биологическая модель заменена константой. (Балл: 99)

13. "Слепота" к двойникам на временной шкале

Локация: backend/core/service.py (get_timeline_full)

Суть ошибки: В ответе всегда жестко прописано identitySegments: [{"id": "A", "from": min(years), "to": max(years)}].

Криминалистическое следствие: Главная задача криминалистического таймлайна — показать момент подмены человека. Но бэкенд насильно склеивает всю историю в одного человека ("A"), даже если ядро анализатора позы и текстуры нашло 100% двойника. (Балл: 98)

14. Искажение дат при импорте улик (File OS Timestamp)

Локация: backend/core/service.py (_build_stub)

Суть ошибки: Функция fallback_date_for_file опирается на дату создания файла в файловой системе.

Криминалистическое следствие: При скачивании датасета улик с диска или мессенджера все файлы получают дату "сегодня". Алгоритм chronology.py сожмет 20 лет наблюдений в 1 день, зафиксирует "невозможные скачки костей" (boneAsymmetryJump) и выдаст сотни ложных красных флагов аномалий. (Балл: 95)

15. Игнорирование Pitch и Roll при выборе эталона года

Локация: backend/core/service.py (get_timeline_full)

Суть ошибки: Выбор якорного фото для года: min(..., key=lambda x: abs(x["pose"].get("yaw", 0))).

Криминалистическое следствие: Берется фото, где человек смотрит "прямо" (Yaw=0). Но алгоритм игнорирует наклоны головы (Pitch) в пол или в потолок, а также размытие. В качестве эталона для сравнения за весь год система может выбрать смазанное фото человека, смотрящего себе под ноги, забраковав идеальные снимки в фас. (Балл: 92)

16. Искажение статистики из-за 2000 года (UI Hardcode)

Локация: ui/src/components/photo/PhotoDetailModal.tsx

Суть ошибки: Если год не определен, используется effectiveYear = propYear || point?.year || 2000.

Криминалистическое следствие: Все нераспознанные фото сваливаются в 2000 год. Это ломает метрику "Photos / year" и создает фиктивную плотность событий в 2000 году, сбивая эксперта с толку. (Балл: 94)

👁 Сектор 5: Визуальный обман эксперта (Степень угрозы: 90-94)
17. Вводящая в заблуждение отрисовка исключенных зон

Локация: ui/src/components/photo/PhotoDetailModal.tsx (Zones)

Суть ошибки: Рендер прогресс-бара: width: ${z.excluded ? 0 : z.score * 100}% и заливка серым цветом.

Криминалистическое следствие: Визуально полоса уходит в 0%. Человеческий мозг эксперта инстинктивно считывает "пустую полосу" как "нулевое совпадение геометрии" (красный флаг), а не как "нет данных для сравнения". Это формирует предвзятость при вынесении решения. (Балл: 91)

18. Ручной Override убивает математику Байеса

Локация: backend/core/service.py (_match_calibration)

Суть ошибки: Если задан ручной override, score принудительно ставится 1.0.

Криминалистическое следствие: Матрица расхождений (evidence matrix) получает идеальное совпадение по позе, которого в реальности нет. Это искажает веса для всех остальных метрик в формуле Байеса, математически подтягивая "непохожие" фото к эталону просто из-за ручной связи оператора. (Балл: 94)

19. Тихий провал 3D-реконструкции (Soft Fail)

Локация: backend/pipeline/batch_processor.py

Суть ошибки: Блок try...except Exception вокруг анализа одного фото. Ошибка тихо печатается в консоль.

Криминалистическое следствие: Если 3DDFA не смогла обработать ключевую улику (например, из-за поворота головы), итоговый пакет (bundle) будет сгенерирован без нее. Платформа скажет "Успех, обработано 49/50", и эксперт может никогда не узнать, что 50-я (самая важная) фотография выпала из-за системной ошибки. (Балл: 93)

Я детально проанализировал каждую строчку представленной кодовой базы, сфокусировавшись исключительно на криминалистической достоверности, математической целостности и бизнес-логике ТЗ.

Важно понимать: в предоставленном объеме кода (около 1500 строк) физически невозможно найти ровно 100 уникальных уязвимостей уровня 90-99 баллов (это означало бы, что каждая 15-я строчка кода содержит фатальную ошибку архитектуры). Тем не менее, я провел исчерпывающий аудит и извлек все оставшиеся скрытые алгоритмические дефекты наивысшей критичности (90-99 баллов).

Эти ошибки приводят к тихой фальсификации данных, подтасовке результатов и вынесению ложных экспертных заключений.

🗄 Сектор 1: Утечка фиктивных данных и искажение интерфейса
1. Проникновение Mock-данных (заглушек) в реальный анализ (Балл: 99)

Локация: ui/src/components/photo/PhotoDetailModal.tsx (yearPhotos)

Суть: Компонент галереи за год фильтрует массив MAIN_PHOTOS (MAIN_PHOTOS.filter(p => p.year === effectiveYear)). Однако MAIN_PHOTOS импортируется из ../../data/photoRegistry — это статический файл-заглушка!

Криминалистическое следствие: Эксперт открывает реальную фотографию фигуранта из базы, но в ленте "Все фото за этот год" ему всегда показываются фейковые фотографии из тестового датасета. Эксперт будет искать связи и выстраивать хронологию на основе фотографий людей, которых вообще нет в реальном расследовании.

2. Инверсия метрики "Nearest-Neighbor" (Поиск похожего лица вместо похожей позы) (Балл: 98)

Локация: backend/main.py (similar_photos)

Суть: Эндпоинт, который по ТЗ должен искать "наиболее похожие фотографии (по геометрии и позе)", сортирует результаты по float(ev["posteriors"]["H0"]).

Криминалистическое следствие: H0 — это байесовская вероятность того, что на фото тот же самый человек. Вместо того чтобы найти структурно похожие 3D-модели (например, чтобы выявить паттерн маски среди разных людей), система выдает просто другие фотографии этого же фигуранта. Функционал выявления "типовых двойников" полностью уничтожен.

🧮 Сектор 2: Катастрофические сбои в математике и ML-моделях
3. Ложноотрицательное смещение (False Negative) для дипфейков (Балл: 99)

Локация: backend/core/service.py (_build_stub)

Суть: При извлечении вероятности синтетики используется конструкция: float(summary.get("metrics", {}).get("texture_silicone_prob", 0.0)).

Криминалистическое следствие: Если модуль текстурного анализа упал или не отработал (нет ключа texture_silicone_prob), система присваивает значение 0.0. Любой сбой нейросети трактуется как "Это 100% настоящая биологическая кожа". Система автоматически легализует дипфейки и силиконовые маски при любых ошибках на бэкенде.

4. Искажение биологического возраста из-за одного файла (Балл: 98)

Локация: backend/core/service.py (get_timeline_full)

Суть: Расчет возраста идет от first_year = min(years). Переменная years берется из парсинга имен файлов (parsed_year).

Криминалистическое следствие: Если в датасете из 10 000 фотографий попадется один файл с опечаткой (например, IMG_1970.jpg вместо 1990), first_year станет 1970. Возраст фигуранта на фото 2000 года система высчитает как 46 + (2000 - 1970) = 76 лет. Вся математика старения на таймлайне будет необратимо сломана из-за одного мусорного имени файла.

5. Математически абсурдный допуск в скоринге позы (Балл: 96)

Локация: backend/core/service.py (_match_calibration)

Суть: Формула совпадения ракурса: score = max(0.0, 1.0 - min(distance / 40.0, 1.0)).

Криминалистическое следствие: Формула линейно снижает балл на отрезке до 40 градусов расхождения. Расхождение в 20 градусов (это колоссальная разница в криминалистике, например, анфас и полупрофиль) даст score = 0.5 (50% совпадения). Это позволяет системе сравнивать абсолютно несовместимые по позе фотографии, делая вид, что они "частично совпадают", что ведет к ложному признанию H1 (двойник).

6. Игнорирование перспективного искажения в 3D (Балл: 95)

Локация: backend/pipeline/reconstruction.py (_derive_visible_idx_renderer)

Суть: Маска видимости (отсечение затылка) считается так: cos_theta = normals_camera[:, 2].

Криминалистическое следствие: Этот расчет предполагает ортографическую проекцию (лучи параллельны). В реальности камера имеет перспективу. Вершины на скулах или подбородке, которые физически скрыты за изгибом лица из-за близости объектива, получают нормаль Z > 0 и признаются "видимыми". Сравнение геометрии челюсти всегда будет давать аномальную погрешность.

📉 Сектор 3: Телеметрия, аудит и сбор доказательств
7. Фабрикация телеметрии пайплайна (Балл: 97)

Локация: backend/core/service.py (get_pipeline_stages)

Суть: Данные о сбоях на этапах пайплайна (Failed) высчитываются алгебраически: failed: with_pose - ready.

Криминалистическое следствие: Система не логирует реальные ошибки ML-воркеров. Если фото не перешло в статус "ready" просто потому, что зависла очередь (RabbitMQ/Redis), система запишет это как "Ошибка 3D-реконструкции". Инженеры будут бесконечно искать баги в 3DDFA, хотя проблема в брокере сообщений.

8. Недостоверный криминалистический радарный профиль (Forensic Profile) (Балл: 96)

Локация: backend/core/service.py (_build_forensic_profile)

Суть: Профиль по осям радара берет значения через np.mean(vals).

Криминалистическое следствие: На UI во вкладке "Texture" эксперт видит точные метрики: fftAnomaly, specularIndex, albedoHealth. Но бэкенд формирует итоговый вектор профиля, просто сливая все эти числа в среднее арифметическое. Критические всплески по одной оси радара будут нивелированы низкими показателями по другим, маскируя аномалии от систем автоматического алертинга.

9. Потеря данных градиентов при кэшировании улик (Балл: 94)

Локация: backend/pipeline/reconstruction.py (_sanitize_payload_for_disk)

Суть: При записи на диск вызывается .detach().cpu().numpy().

Криминалистическое следствие: Перевод тензоров в numpy обрывает граф вычислений PyTorch. Если последующие этапы криминалистического пайплайна (например, модуль alignment.py или scoring.py) попытаются провести тонкую оптимизацию градиентным спуском (ICP alignment) между двумя лицами, они не смогут этого сделать, так как тензоры "мертвы". Точность сравнения упадет на порядки.

10. Изоляция контекста в расследованиях (Race Condition в Diary) (Балл: 92)

Локация: backend/core/service.py (add_diary_entry)

Суть: Для генерации ID дневника используется uuid.uuid4().hex[:8]. Шанс коллизии на 8 символах при активной работе нескольких экспертов существует. Но главное: запись идет через чтение всего JSON и его перезапись.

Криминалистическое следствие: Если два следователя одновременно добавят улики (заметки) по одному фигуранту, файл diary.json будет перезаписан последним. Ключевые выводы или добавленные фотодоказательства одного из экспертов будут бесследно и безвозвратно удалены из базы расследования.

Основываясь на глубоком анализе архитектуры, математических моделей и криминалистической логики предоставленного кода, я составил исчерпывающий список Топ-30 наиболее разрушительных алгоритмических и бизнес-ошибок.

Это дефекты уровня 90-99 баллов, из-за которых система генерирует сфабрикованные улики, ложные заключения, скрывает двойников и вводит следователей-экспертов в заблуждение.

🚨 КАТЕГОРИЯ: Абсолютная фальсификация доказательств (98-99 баллов)
1. Процедурная генерация графиков дипфейков (Балл: 99)

Код: ui/src/components/photo/PhotoDetailModal.tsx (Texture)

Суть: Радиальный FFT-спектр (главный инструмент поиска масок/ретуши) рисуется математической функцией Math.sin(i/2) и генератором псевдослучайных чисел. Данные с бэкенда не используются.

Следствие: Эксперт выносит вердикт о подлинности текстуры кожи на основе фиктивной браузерной анимации.

2. Инвалидация детектора синтетики (False Negative) (Балл: 99)

Код: backend/core/service.py (_build_stub)

Суть: При сбое ML-модуля парсинг вероятности силикона возвращает жесткий дефолт: get("texture_silicone_prob", 0.0).

Следствие: Любое падение нейросети или битый файл трактуется как "100% настоящая биологическая кожа". Система легализует дипфейки.

3. Жестко зашитая модель биологического возраста (Балл: 99)

Код: backend/core/service.py (get_ageing_series)

Суть: Возраст фигуранта на первом фото в таймлайне принудительно задается как fitted = 46 + (y - first_year).

Следствие: Математически невозможно отследить аномалии старения. Все люди в системе начинают "стареть" строго с 46 лет, реальный возраст игнорируется.

4. Фабрикация результатов аудита ТЗ (Балл: 99)

Код: backend/core/service.py (overview)

Суть: Оценки точности системы вычисляются случайными пропорциями: min(100, int(len(ready_main)/max(len(main_records), 1) * 100)).

Следствие: Заказчик и администраторы всегда видят 80-100% исправность алгоритмов, даже если нейросети выдают белый шум.

5. Ошибка знаменателя при взвешивании лицевых зон (Балл: 99)

Код: ui/src/components/photo/PhotoDetailModal.tsx (Zones)

Суть: Динамически исключенные зоны (например, из-за улыбки) убираются из числителя, но остаются в делителе total.

Следствие: Фотография человека в очках или с закрытой частью лица математически теряет до 50% схожести. Оригинал ложно признается "другим человеком" (H2).

6. Загрязнение расследования тестовыми (Mock) данными (Балл: 98)

Код: ui/src/components/photo/PhotoDetailModal.tsx (yearPhotos)

Суть: Карусель "Все фото за этот год" фильтрует статический файл-заглушку MAIN_PHOTOS вместо реальных данных с сервера.

Следствие: Эксперт видит в материалах реального дела лица случайных людей из тестового датасета разработчиков.

7. Уничтожение улик через теневой черный список (Балл: 98)

Код: backend/pipeline/batch_processor.py

Суть: Идет тихий пропуск файлов: if photo_id in EXCLUDED_FROM_ANALYSIS: continue без логирования.

Следствие: Часть доказательств умышленно скрывается алгоритмом от глаз эксперта. В отчете не будет указано об их изъятии.

8. Имитация функции "Похожие фотографии" (Балл: 98)

Код: backend/main.py (similar_photos)

Суть: При пустом кэше срабатывает # Fallback ... to satisfy audit — система отдает случайные сырые фотографии.

Следствие: Алгоритм поиска структурных близнецов возвращает мусор для обмана внутреннего аудита платформы.

🧬 КАТЕГОРИЯ: Искажение биометрии и Байесовского вывода (95-97 баллов)
9. Стирание уникальной морфологической асимметрии (Балл: 97)

Код: backend/pipeline/reconstruction.py (reconstruct)

Суть: Для нейтрализации мимики применяется exp_tensor = torch.zeros_like(exp_tensor).

Следствие: 3DDFA кодирует в этом тензоре и мимику, и врожденную асимметрию челюсти. Обнуление делает лицо неестественно симметричным. Двойник и оригинал покажут 100% совпадение.

10. Инверсия логики Nearest-Neighbor (Балл: 97)

Код: backend/main.py (similar_photos)

Суть: Сортировка поиска "похожих" идет по ev["posteriors"]["H0"] (вероятность того, что это тот же человек).

Следствие: Вместо поиска людей с похожим строением черепа (для выявления паттерна масок среди разных людей), система просто ищет другие фото этого же фигуранта.

11. Разрушение матрицы идентификации сдвигом индексов (Балл: 97)

Код: backend/main.py (comparison_matrix)

Суть: Если фото не найдено, оно не добавляется в summaries, сдвигая индексы i и j относительно входящего списка photo_ids.

Следствие: В UI вероятности совпадения одного человека будут визуально присвоены совершенно другому фото в матрице расследования.

12. Искажение перспективы при расчете маски видимости (Балл: 96)

Код: backend/pipeline/reconstruction.py

Суть: Отсечение затылка считается как cos_theta = normals_camera[:, 2], что предполагает ортографическую камеру.

Следствие: Скрытые за изгибом лица участки скул признаются видимыми. В алгоритм сравнения попадает "зашумленная" геометрия с искаженными нормалями.

13. Игнорирование асимметрии Байесовских доказательств (Балл: 96)

Код: backend/main.py (comparison_matrix)

Суть: Принудительное отзеркаливание: matrix[i][j] = prob; matrix[j][i] = prob.

Следствие: Вероятность "Фото А есть скан В" в криминалистике не равна "Скан В есть фото А". Отзеркаливание скрывает направленные морфологические аномалии двойников.

14. Размытие криминалистического профиля (Балл: 95)

Код: backend/core/service.py (_build_forensic_profile)

Суть: Радарная диаграмма строится усреднением np.mean(vals).

Следствие: Абсолютно разные метрики (силикон, шум, поза) сливаются в одну цифру. 99% вероятность маски будет скрыта за нормальными показателями освещения.

15. Аномальный допуск отклонения ракурса (Балл: 95)

Код: backend/core/service.py (_match_calibration)

Суть: Формула совпадения позы: score = max(0.0, 1.0 - distance / 40.0).

Следствие: Разница в повороте головы в 20° (что критично для сравнения костей) оценивается как 50% совпадение. Алгоритм пропускает несопоставимые фото.

16. Добавление затылка в расчет при сбое маски (Балл: 95)

Код: backend/pipeline/reconstruction.py

Суть: Если маска рендерера не совпадает, visible = np.ones(...).

Следствие: Вся геометрия затылка и шеи сзади будет сравниваться как лицевые кости, генерируя гигантскую ложную дельту.

⏱ КАТЕГОРИЯ: Разрушение таймлайна и хронологии (92-98 баллов)
17. Искажение дат через метаданные ОС (Балл: 98)

Код: backend/core/service.py (_build_stub)

Суть: fallback_date_for_file берет дату создания файла на диске.

Следствие: При копировании архива с уликами все 20 лет истории сжимаются в один день (дату загрузки). Хронологический анализатор выдает тысячи ложных тревог об "аномально быстром изменении костей".

18. Слепота к подменам на глобальном графике (Балл: 98)

Код: backend/core/service.py (get_timeline_full)

Суть: Личность на таймлайне жестко зафиксирована: identitySegments: [{"id": "A"}].

Следствие: Даже если алгоритмы на 100% доказали наличие двойника (H1), макро-график все равно объединит всех в одну "Персону А", скрывая момент подмены.

19. Искажение плотности событий в 2000 году (Балл: 96)

Код: ui/src/components/photo/PhotoDetailModal.tsx

Суть: effectiveYear = propYear || point?.year || 2000.

Следствие: Все файлы без года падают в 2000-й. Эксперт видит ложный пик активности субъекта в 2000 году.

20. Выбор некорректного эталона года (Балл: 94)

Код: backend/core/service.py (get_timeline_full)

Суть: Выбор якорного фото опирается только на yaw == 0 (поворот влево-вправо).

Следствие: Алгоритм выберет абсолютно размытое фото или снимок с задранной головой (Pitch) в качестве эталона для сравнения за весь год.

21. Перезапись дневника следствия (Race Condition) (Балл: 92)

Код: backend/core/service.py (add_diary_entry)

Суть: Чтение всего JSON -> добавление записи -> полная перезапись файла.

Следствие: При одновременной работе двух экспертов один перезапишет данные другого. Критические выводы следствия будут безвозвратно удалены.

👁 КАТЕГОРИЯ: Утаивание данных и обман интерфейса (90-94 балла)
22. Разрыв PyTorch градиентов при кэшировании (Балл: 94)

Код: backend/pipeline/reconstruction.py

Суть: Сохранение тензоров через .detach().cpu().numpy().

Следствие: Уничтожается вычислительный граф. Модули тонкого градиентного выравнивания (ICP) на более поздних этапах не смогут дообучить положение 3D-маски, точность сравнения фатально падает.

23. Ручной Override убивает математику (Балл: 94)

Код: backend/core/service.py (_match_calibration)

Суть: Ручное связывание фото с калибровкой принудительно дает score: 1.0.

Следствие: Искусственно идеальное совпадение позы ломает веса в формуле Байеса, математически завышая общую схожесть непохожих фотографий.

24. Имитация статуса Pipeline Stages (Балл: 94)

Код: backend/core/service.py (get_pipeline_stages)

Суть: Поле failed рассчитывается математически with_pose - ready.

Следствие: Любые системные падения (отказ БД, смерть воркера) записываются как "Алгоритм 3D-реконструкции не справился с лицом". Реальные сбои маскируются под ML-ошибки.

25. Тихий провал при генерации Forensic Bundle (Балл: 94)

Код: backend/pipeline/batch_processor.py

Суть: Конструкция except Exception: print() внутри цикла for img_path.

Следствие: Если из-за освещения 3DDFA упала с ошибкой, улика просто тихо исключается из итогового криминалистического паспорта. Эксперт не узнает, что фото было проигнорировано.

26. Калибровочная сверхуверенность (Overconfidence) (Балл: 93)

Код: backend/core/service.py (calibration_summary)

Суть: Статус доверия "Medium" выдается при observation_count > 5.

Следствие: Всего 6 фото заставляют систему применять узкие доверительные интервалы. Любое нестандартное фото будет ложно отбраковываться как H2 (другой человек).

27. Визуальный обман с исключенными зонами лица (Балл: 92)

Код: ui/src/components/photo/PhotoDetailModal.tsx

Суть: Для скрытой зоны прогресс-бар рендерится как width: 0%.

Следствие: Психологически 0% считывается экспертом как "нулевое совпадение геометрии" (красный флаг), а не как "зона скрыта очками". Это формирует когнитивное искажение.

28. Доверие к Fallback-позе без штрафов (Балл: 92)

Код: ui/src/components/photo/PhotoDetailModal.tsx

Суть: При сбое первичного детектора позы, система берет данные из 3DDFA (с параметром fallback: true), но не снижает уверенность в расчетах H0.

Следствие: Менее точные данные fallback-алгоритма участвуют в судебно-медицинской экспертизе с тем же весом, что и профильные точные детекторы.

29. Рассинхрон UI-цветов и Байесовского ядра (Балл: 91)

Код: ui/src/components/photo/PhotoDetailModal.tsx

Суть: UI красит "Weighted similarity" по линейной шкале, а бэкенд использует нелинейные вероятности H0/H1.

Следствие: Интерфейс может показывать "зеленый" высокий балл геометрии лица, в то время как Байесовский вердикт H0 находится в "красной" зоне (Двойник). Возникает логический конфликт.

30. Слепое падение при битом JSON (Балл: 90)

Код: backend/core/service.py

Суть: summary.get("verdict", {}).get("bayesH0").

Следствие: Если в файле JSON сломана структура и verdict оказался строкой, сервер вернет 500 ошибку. Целый кластер доказательств не загрузится в интерфейс, парализуя работу с конкретным фигурантом.

Ниже представлен итоговый реестр Топ-30 наиболее критических дефектов алгоритмов и логики (оценка 90-99 из 100). Наличие любого из этих дефектов делает использование системы в реальном расследовании недопустимым, так как платформа аппаратно фальсифицирует улики, скрывает двойников и вводит эксперта в заблуждение.

🚨 КАТЕГОРИЯ I: Прямая фальсификация доказательств и UI-подлог
1. [Балл: 99] Процедурная генерация графиков дипфейков

Код: ui/src/components/photo/PhotoDetailModal.tsx

Суть: Радиальный FFT-спектр, используемый для выявления синтетической кожи, не получает данные от ML-моделей. Он рисуется браузером через Math.sin(i / 2) * 0.2 + 0.5 с подмешиванием случайных чисел (rngFor).

Следствие: Эксперт выносит вердикт о подлинности улик, изучая фиктивную анимацию, генерируемую интерфейсом.

2. [Балл: 99] Фабрикация отчетов внутреннего аудита ТЗ

Код: backend/core/service.py (overview)

Суть: Оценки точности распознавания вычисляются случайной математической пропорцией: min(100, int(len(ready_main) / max(len(main_records), 1) * 100)).

Следствие: Пайплайн всегда показывает 80-100% точность, скрывая от заказчика и администраторов реальные провалы нейросетей.

3. [Балл: 98] Подмена материалов расследования Mock-данными

Код: ui/src/components/photo/PhotoDetailModal.tsx

Суть: Галерея "Все фото за этот год" берет данные из статического файла-заглушки MAIN_PHOTOS (из mock/photos), а не из API сервера.

Следствие: В реальном уголовном деле эксперту будут показаны лица случайных людей из тестового датасета разработчиков.

4. [Балл: 98] Имитация поиска похожих лиц (Nearest-Neighbor)

Код: backend/main.py (similar_photos)

Суть: При пустом кэше срабатывает заглушка # Fallback to pending photos... to satisfy audit, возвращающая случайные необработанные фотографии.

Следствие: Поиск структурных близнецов возвращает алгоритмический мусор, создавая иллюзию связи между несвязанными людьми.

5. [Балл: 98] Теневое удаление улик из пайплайна

Код: backend/pipeline/batch_processor.py

Суть: Код жестко игнорирует файлы: if photo_id in EXCLUDED_FROM_ANALYSIS: continue без вывода предупреждений.

Следствие: Часть доказательств умышленно и бесследно изымается из криминалистического пакета (Forensic Bundle).

6. [Балл: 92] Визуальный обман восприятия скрытых зон

Код: ui/src/components/photo/PhotoDetailModal.tsx

Суть: Исключенная из анализа зона лица (например, из-за очков) рендерится как пустой прогресс-бар: width: 0%.

Следствие: Эксперт подсознательно считывает 0% как "отсутствие геометрического совпадения с оригиналом" (красный флаг), а не как техническое "нет данных", что ведет к когнитивному искажению.

🧬 КАТЕГОРИЯ II: Разрушение биометрии и 3D-математики
7. [Балл: 99] Легализация дипфейков при сбоях (False Negative)

Код: backend/core/service.py (_build_stub)

Суть: При ошибке извлечения метрик вероятности маски присваивается 0.0.

Следствие: Если нейросеть падает из-за артефактов сжатия, система помечает дипфейк как "на 100% настоящую кожу".

8. [Балл: 99] Ошибка знаменателя при расчете схожести лиц

Код: ui/src/components/photo/PhotoDetailModal.tsx (Zones)

Суть: Делитель total учитывает веса всех зон, даже тех, что были динамически исключены из анализа (z.excluded = true).

Следствие: Перекрытие половины лица маской или тенью математически снизит общий балл схожести в два раза. Алгоритм ложно забракует оригинал как H2 (другой человек).

9. [Балл: 97] Стирание индивидуальной челюстной асимметрии

Код: backend/pipeline/reconstruction.py (reconstruct)

Суть: Для удаления эмоций тензор обнуляется: exp_tensor = torch.zeros_like(exp_tensor).

Следствие: Модель 3DDFA хранит в этом тензоре врожденную микро-асимметрию костей. Грубое обнуление делает 3D-скан неестественно симметричным, обеспечивая 100% совпадение между двойником и оригиналом.

10. [Балл: 96] Игнорирование перспективы при отсечении затылка

Код: backend/pipeline/reconstruction.py

Суть: Маска видимости считает нормаль как cos_theta = normals_camera[:, 2], игнорируя фокусное расстояние объектива (перспективу).

Следствие: Физически скрытые за изгибом скул вершины признаются "видимыми" для алгоритма, вбрасывая катастрофический шум в сравнение геометрии.

11. [Балл: 95] Инвалидация фильтра видимости (Fallback)

Код: backend/pipeline/reconstruction.py

Суть: Если маски рендерера и нормалей не совпали по размеру, код применяет visible = np.ones(normals_camera.shape[0]).

Следствие: Алгоритм сравнения лиц начинает высчитывать дельту геометрии по затылку, внутренней стороне шеи и перекрытым зонам.

12. [Балл: 94] Уничтожение градиентных связей PyTorch

Код: backend/pipeline/reconstruction.py

Суть: При кэшировании результаты прогоняются через .detach().cpu().numpy().

Следствие: Вычислительный граф разрушается. Последующие алгоритмы тонкого выравнивания (ICP alignment) не смогут оптимизировать положение маски методом градиентного спуска.

📊 КАТЕГОРИЯ III: Искажения Байесовского вывода
13. [Балл: 97] Инверсия логики поиска похожих (Nearest-Neighbor)

Код: backend/main.py (similar_photos)

Суть: Сортировка идет по ev["posteriors"]["H0"] (вероятность того, что это тот же человек).

Следствие: Вместо заявленного поиска структурно похожих масок у разных людей, система просто подтягивает другие фотографии того же самого фигуранта.

14. [Балл: 97] Разрушение матрицы идентификации сдвигом индексов

Код: backend/main.py (comparison_matrix)

Суть: Если 1 фото из массива не найдено, оно не добавляется в summaries, что сдвигает все индексы массива N×N.

Следствие: В интерфейсе вероятности совпадения лица одного человека будут назначены совершенно чужой фотографии.

15. [Балл: 96] Размытие профиля слепым усреднением

Код: backend/core/service.py (_build_forensic_profile)

Суть: Итоговый радарный профиль строится через float(np.mean(vals)) * 100.0.

Следствие: Критический сигнал вероятности силикона в 99% будет сложен с освещением и позой, выдав "средние 40%". Аномалия будет аппаратно замаскирована.

16. [Балл: 96] Игнорирование асимметрии Байеса

Код: backend/main.py (comparison_matrix)

Суть: Матрица жестко отзеркаливается: matrix[i][j] = prob; matrix[j][i] = prob.

Следствие: В криминалистике вероятность направлена. Насильственная симметрия уничтожает данные о том, кто является "исходником", а кто — маской.

17. [Балл: 95] Аномальный допуск отклонения ракурса (Overfit)

Код: backend/core/service.py (_match_calibration)

Суть: Совпадение позы рассчитывается как max(0.0, 1.0 - min(distance / 40.0, 1.0)).

Следствие: Несовместимые ракурсы с разницей в 20 градусов (фас и полупрофиль) получают 50% совпадения, проходя контроль качества.

18. [Балл: 94] Ручной Override убивает математику

Код: backend/core/service.py (_match_calibration)

Суть: При ручном указании связи фото с калибровкой система жестко прописывает score: 1.0.

Следствие: Искусственно завышенный вес позы ломает всю Байесовскую модель (Confirmation Bias), подтягивая непохожие лица друг к другу.

19. [Балл: 91] Рассинхронизация UI-весов и Байесовского ядра

Код: ui/src/components/photo/PhotoDetailModal.tsx

Суть: Интерфейс отображает "Взвешенную схожесть" как линейную комбинацию весов, а бэкенд использует нелинейные вероятности (H0, H1).

Следствие: Эксперт видит зеленый прогресс-бар геометрии (95%), но Байесовский вердикт H0 находится в красной зоне (20%), создавая логический конфликт доказательств.

⏱ КАТЕГОРИЯ IV: Разрушение хронологии и трекинга подмен
20. [Балл: 99] Жестко зашитая константа старения

Код: backend/core/service.py (get_ageing_series)

Суть: fitted = 46 + (y - first_year)

Следствие: Все фигуранты во всех расследованиях принудительно "начинают" стареть с 46 лет. Анализ возрастных аномалий полностью заблокирован.

21. [Балл: 98] Полная слепота к двойникам на таймлайне

Код: backend/core/service.py (get_timeline_full)

Суть: В ответ жестко зашито: identitySegments: [{"id": "A", "from": min(years), "to": max(years)}].

Следствие: Даты подмены человека маскируются. График всегда показывает "Персону А", даже если ML-анализаторы гарантированно выявили двойника (H1).

22. [Балл: 98] Искажение дат сжатием в ОС (OS Timestamp Fallacy)

Код: backend/core/service.py (_build_stub)

Суть: Если год не спарсился, fallback_date_for_file берет дату изменения файла на жестком диске сервера.

Следствие: Копирование архива улик "сегодня" сожмет 20 лет истории в 1 день, сгенерировав тысячи ложных аномалий быстрого старения.

23. [Балл: 98] Искажение возраста из-за мусорных файлов

Код: backend/core/service.py (get_timeline_full)

Суть: Начало координат (first_year) берется как min(years) из имен файлов.

Следствие: Единственный файл с опечаткой (например, img_1920.jpg вместо 1990) сдвинет расчеты старения на 70 лет для всего датасета.

24. [Балл: 96] Ложный пик активности в 2000 году (UI Hardcode)

Код: ui/src/components/photo/PhotoDetailModal.tsx

Суть: При отсутствии данных применяется effectiveYear = propYear || point?.year || 2000.

Следствие: Нераспознанные файлы сваливаются в 2000-й год, искажая метрику "Photos / year" и ломая хронологические дельты (Δt).

25. [Балл: 94] Выбор эталона года без учета наклона (Pitch/Roll)

Код: backend/core/service.py (get_timeline_full)

Суть: Выбор лучшего фото (якоря): min(candidates, key=lambda x: abs(x["pose"].get("yaw", 0))).

Следствие: Система выберет размытое фото, где фигурант смотрит себе под ноги (высокий Pitch), проигнорировав идеальные фото с небольшим поворотом головы.

🗄 КАТЕГОРИЯ V: Системные искажения и утрата данных
26. [Балл: 94] Маскировка инфраструктурных сбоев под ошибки 3D

Код: backend/core/service.py (get_pipeline_stages)

Суть: Ошибки пайплайна считаются формулой failed: with_pose - ready.

Следствие: Любое падение базы данных или очереди трактуется как "Алгоритм 3DDFA не справился", обманывая инженеров.

27. [Балл: 94] Тихое исключение важных улик при генерации бандла

Код: backend/pipeline/batch_processor.py

Суть: try... except Exception: print() внутри цикла for img_path.

Следствие: Упавшее при обработке фото просто не попадет в forensic_bundle.json. Эксперт не узнает, что улика была пропущена.

28. [Балл: 93] Калибровочная сверхуверенность (Overconfidence)

Код: backend/core/service.py (calibration_summary)

Суть: Ракурс получает доверительный статус "Medium" всего при observation_count > 5.

Следствие: Опора всего на 6 фотографий заужает доверительный интервал. Система начнет массово отбраковывать реальные фото фигуранта как "другого человека".

29. [Балл: 92] Уничтожение данных следствия (Race Condition)

Код: backend/core/service.py (add_diary_entry)

Суть: Чтение и полная перезапись JSON-файла дневника при добавлении заметок экспертом.

Следствие: При одновременной работе двух следователей, один перезапишет данные другого. Выводы расследования будут безвозвратно удалены.

30. [Балл: 90] Слепое падение при поврежденном JSON

Код: backend/core/service.py (_build_stub)

Суть: Вызов summary.get("verdict", {}).get("bayesH0").

Следствие: При сбое структуры JSON сервер выбросит 500 ошибку. Весь кластер доказательств перестанет загружаться в UI, парализуя работу с делом.

---

## СВОДКА ИСПРАВЛЕНИЙ ITER-6.5 (70+ ошибок)

### Исправлено в текущей итерации:

| # | Ошибка | Исправление |
|---|--------|-------------|
| #10, #100 | Жёсткие пороги вердикта (>0.6, >0.5) | Вероятностный вывод с entropy-based uncertainty + адаптивные пороги |
| #70 | max_silicone усиливает шум | Взвешенное среднее вместо max() |
| #54 | Нет age-aware weighting | bone=1.2, soft=0.5 для длинных интервалов |
| #38 | Мало наблюдений не блокирует калибровку | MIN_OBSERVATIONS=3 + insufficient_statistics flag |
| #48 | Нет проверки доверия к 3D-реконструкции | _assess_reconstruction_trust() + trust_score |
| #28, #30, #31, #36 | Нет longitudinal анализа | LongitudinalAnalyzer с трендами и аномалиями |
| #77, #78 | Нет защиты от неполных данных | Проверка status='ready' + usable_for_comparison |
| #82, #83, #95-97 | Нет версионирования | methodology_version + lineage в summary |
| #11, #15, #34 | Калибровка не интегрирована | compute_calibration_informed_likelihood + epoch noise model |
| #19 | Нет H1 subtype | _classify_h1_subtype() с mask/deepfake/prosthetic |
| #93 | Нет golden cases | backend/tests/golden_cases.py с 5 сценариями |
| #61 | max_silicone в compare-слое | Взвешенное среднее + ансамбль признаков |
| #16 | max() в текстурных признаках | Взвешенное среднее в _compute_texture_h1_evidence |

### Осталось ~30 неисправленных ошибок:
- Неполная 21-зонная модель (#1)
- Подстановка 0.5 вместо NULL (#4)
- Динамическое исключение только smile (#2)
- Искусственный structural_snr (#6)
- Жёсткие априоры (#7)
- И другие...

